// Jest Snapshot v1, https://goo.gl/fbAQLP

exports[`NewRestaurantForm matches snapshot 1`] = `
<DocumentFragment>
  <form
    data-testid="restaurant-form"
  >
    <div
      class="mb-3"
    >
      <label
        class="form-label"
        for="name"
      >
        Name
      </label>
      <input
        class="form-control"
        id="name"
        name="name"
        type="text"
        value=""
      />
    </div>
    <div
      class="mb-3"
    >
      <label
        class="form-label"
        for="restaurant-address"
      >
        Address
      </label>
      <input
        class="form-control"
        id="restaurant-address"
        name="restaurant-address"
        type="text"
        value=""
      />
    </div>
    <div
      class="mb-3"
    >
      <label
        class="form-label"
        for="restaurant-phone"
      >
        Phone
      </label>
      <input
        class="form-control"
        id="restaurant-phone"
        name="restaurant-phone"
        type="text"
        value=""
      />
    </div>
    <div
      class="mb-3"
    >
      <label
        class="form-label"
        for="restaurant-cuisine"
      >
        Cuisine
      </label>
      <input
        class="form-control"
        id="restaurant-cuisine"
        name="restaurant-cuisine"
        type="text"
        value=""
      />
    </div>
    <div
      class="text-center"
    >
      <button
        class="btn btn-primary"
        type="submit"
      >
        Submit
      </button>
    </div>
  </form>
</DocumentFragment>
`;
